[advandes.com/index.html]
[backblue.gif]
[fade.gif]
[index.html]
[advandes.com/public/frontend/images/favicon.png]
[advandes.com/public/frontend/js/jquery.min.js]
[advandes.com/public/frontend/js/bootstrap.min.js]
[advandes.com/home.html]
[advandes.com/public/frontend/images/Advandes_white.png]
[advandes.com/about.html]
[advandes.com/work.html]
[advandes.com/contact.html]
[advandes.com/public/images/slider_images/1579087415.Repeat Grid 1.png]
[advandes.com/public/images/slider_images/1579087396.Group 592.png]
[advandes.com/public/images/slider_images/1580728879.Group 605.png]
[advandes.com/service/research.html]
[advandes.com/public/images/service_images/1580725907.Component 3 – 5.png]
[advandes.com/service/design.html]
[advandes.com/public/images/service_images/1580726131.Component 4 – 5.png]
[advandes.com/service/engineering.html]
[advandes.com/public/images/service_images/1580726458.Component 5 – 5.png]
[advandes.com/service/prototyping.html]
[advandes.com/public/images/service_images/1580726671.Component 6 – 5.png]
[advandes.com/public/images/projects/project1578479428/1578995878.banner image aq soil comp GREEN.png]
[advandes.com/works/soil_compactor.html]
[advandes.com/public/images/projects/project1578488877/1579173332.thermocutter final.101.png]
[advandes.com/works/thermocutter.html]
[advandes.com/public/images/projects/project1578890757/1578996540.microlit scitus and beatus arrangement 2.224.png]
[advandes.com/works/bottle_top_dispenser.html]
[advandes.com/public/images/projects/project1578980220/1578996822.Picture2.png]
[advandes.com/works/deccan_auto_bus.html]
[advandes.com/public/images/projects/project1579084662/1579084662.Picture1.png]
[advandes.com/works/captain_tractor.html]
[advandes.com/public/images/projects/project1579084991/1579084991.Render GC white bckground.140.png]
[advandes.com/works/evano_electric_golf_cart.html]
[advandes.com/public/frontend/images/up-fill-512.png]
[advandes.com/public/frontend/images/share/copy1.png]
[advandes.com/public/frontend/images/share/fb.png]
[advandes.com/public/frontend/images/share/link.png]
[advandes.com/public/frontend/images/share/twi.png]
[advandes.com/public/frontend/images/share/share.png]
[advandes.com/download/Advandes corporate brochure.pdf]
[advandes.com/index.html]
[advandes.com/public/frontend/fonts/glyphicons-halflings-regular.29.delayed]
[advandes.com/public/home.html]
[advandes.com/public/frontend/fonts/glyphicons-halflings-regular.2bd41d.delayed]
[advandes.com/public/frontend/fonts/glyphicons-halflings-regular.2c.delayed]
[advandes.com/public/frontend/fonts/glyphicons-halflings-regular.2d.delayed]
[advandes.com/public/frontend/fonts/glyphicons-halflings-regular.2e.delayed]
[advandes.com/public/frontend/fonts/glyphicons-halflings-regular.2f.delayed]
[advandes.com/public/frontend/css/bootstrap.min.css]
[advandes.com/public/frontend/css/MUSEOSANSCYRL.OTF]
[advandes.com/public/frontend/css/futura light bt.ttf]
[advandes.com/public/frontend/css/MUSEOSANS-100.OTF]
[advandes.com/public/frontend/css/style.css]
[advandes.com/public/frontend/css/hover.min.css]
[advandes.com/home.html]
[advandes.com/public/frontend/images/Group 541.png]
[advandes.com/public/frontend/images/Group 529.png]
[advandes.com/public/frontend/images/about.png]
[advandes.com/public/frontend/images/about/Group 559.png]
[advandes.com/public/frontend/images/about/Group 564.png]
[advandes.com/career.html]
[advandes.com/public/frontend/images/client/06Jan/Mask Group 72.png]
[advandes.com/public/frontend/images/client/06Jan/Mask Group 73.png]
[advandes.com/public/frontend/images/client/06Jan/Mask Group 74.png]
[advandes.com/public/frontend/images/client/06Jan/Mask Group 75.png]
[advandes.com/public/frontend/images/client/06Jan/Mask Group 76.png]
[advandes.com/public/frontend/images/client/06Jan/Mask Group 77.png]
[advandes.com/public/frontend/images/client/06Jan/Mask Group 78.png]
[advandes.com/public/frontend/images/client/06Jan/Mask Group 79.png]
[advandes.com/public/frontend/images/client/06Jan/Mask Group 80.png]
[advandes.com/public/frontend/images/client/06Jan/Mask Group 81.png]
[advandes.com/public/frontend/images/client/06Jan/Mask Group 82.png]
[advandes.com/public/frontend/images/client/06Jan/Mask Group 83.png]
[advandes.com/public/frontend/images/client/06Jan/Mask Group 84.png]
[advandes.com/public/frontend/images/client/06Jan/Mask Group 85.png]
[advandes.com/public/frontend/images/client/06Jan/Mask Group 86.png]
[advandes.com/public/frontend/images/client/06Jan/Mask Group 87.png]
[advandes.com/public/frontend/images/client/06Jan/Mask Group 88.png]
[advandes.com/public/frontend/images/client/06Jan/Mask Group 89.png]
[advandes.com/public/frontend/images/client/06Jan/Mask Group 90.png]
[advandes.com/public/frontend/images/client/06Jan/Mask Group 91.png]
[advandes.com/public/frontend/images/client/06Jan/Mask Group 92.png]
[advandes.com/public/frontend/images/client/06Jan/Mask Group 93.png]
[advandes.com/public/frontend/images/client/06Jan/Mask Group 94.png]
[advandes.com/about.html]
[advandes.com/public/frontend/images/client/06Jan/Mask Group 96.png]
[advandes.com/works/concrete_pump.html]
[advandes.com/public/images/projects/project1579085160/1579085160.Aquarius conc pump11.png]
[advandes.com/works/electric_3_wheeler.html]
[advandes.com/public/images/projects/project1579085446/1579085446.Picture3.png]
[advandes.com/public/frontend/images/projects/Group 482.png]
[advandes.com/work.html]
[advandes.com/public/backend/js/sweetalert.min.js]
[advandes.com/contact.html]
[advandes.com/change_service/prev/research.57.delayed]
[advandes.com/public/frontend/images/prev.png]
[advandes.com/public/frontend/images/close.png]
[advandes.com/change_service/next/research.5a.delayed]
[advandes.com/public/frontend/images/next.png]
[advandes.com/service/research.html]
[advandes.com/public/images/service_images/1580725907.Group 544.png]
[advandes.com/change_service/prev/design.5d.delayed]
[advandes.com/change_service/next/design.5e.delayed]
[advandes.com/service/design.html]
[advandes.com/public/images/service_images/1580726235.Group 543.png]
[advandes.com/change_service/prev/engineering.60.delayed]
[advandes.com/change_service/next/engineering.61.delayed]
[advandes.com/public/images/service_images/1580726458.Group 541.png]
[advandes.com/service/engineering.html]
[advandes.com/public/images/service_images/1580726671.Group 542.png]
[advandes.com/service/prototyping.html]
[advandes.com/change_project/prev/Prototyping/soil_compactor.66.delayed]
[advandes.com/public/frontend/images/prevv.png]
[advandes.com/change_project/next/Prototyping/soil_compactor.68.delayed]
[advandes.com/public/frontend/images/nextt.png]
[advandes.com/public/images/projects/project1578479428/1578995878.Mask Group 15.png]
[advandes.com/public/images/projects/project1578479428/1578995878.Group 587.png]
[advandes.com/public/images/projects/project1578479428/1578995878.Group 479.png]
[advandes.com/public/images/projects/project1578479428/1578995878.Group 598.png]
[advandes.com/public/images/projects/project1578479428/1578995878.Mask Group 71.png]
[advandes.com/works/soil_compactor.html]
[advandes.com/change_project/prev/Designing,Prototyping,Engineering/thermocutter.71.delayed]
[advandes.com/change_project/next/Designing,Prototyping,Engineering/thermocutter.72.delayed]
[advandes.com/public/images/projects/project1578488877/1578996032.Group 455.png]
[advandes.com/public/images/projects/project1578488877/1579165317.1.png]
[advandes.com/public/images/projects/project1578488877/1579165317.2.png]
[advandes.com/public/images/projects/project1578488877/1578996214.Group 478.png]
[advandes.com/public/images/projects/project1578488877/1578996214.Mask Group 9.png]
[advandes.com/public/images/projects/project1578488877/1578996214.Group 437.png]
[advandes.com/works/thermocutter.html]
[advandes.com/change_project/prev/Designing,Prototyping,Engineering/bottle_top_dispenser.7b.delayed]
[advandes.com/change_project/next/Designing,Prototyping,Engineering/bottle_top_dispenser.7c.delayed]
[advandes.com/public/images/projects/project1578890757/1578996540.microlit scitus and beatus.217.png]
[advandes.com/public/images/projects/project1578890757/1578996540.Group 480.png]
[advandes.com/public/images/projects/project1578890757/1578996659.Group 448.png]
[advandes.com/public/images/projects/project1578890757/1578996659.Group 539.png]
[advandes.com/public/images/projects/project1578890757/1578996659.Mask Group 33.png]
[advandes.com/works/bottle_top_dispenser.html]
[advandes.com/change_project/prev/Designing,Prototyping,Engineering/deccan_auto_bus.84.delayed]
[advandes.com/change_project/next/Designing,Prototyping,Engineering/deccan_auto_bus.85.delayed]
[advandes.com/public/images/projects/project1578980220/1578996822.Mask Group 17.png]
[advandes.com/public/images/projects/project1578980220/1578996822.Group 588.png]
[advandes.com/public/images/projects/project1578980220/1579164505.Mask Group 67.png]
[advandes.com/public/images/projects/project1578980220/1579164618.Mask Group 97.png]
[advandes.com/public/images/projects/project1578980220/1579164618.Mask Group 69.png]
[advandes.com/public/images/projects/project1578980220/1579165913.Deccan low contrast.png]
[advandes.com/works/deccan_auto_bus.html]
[advandes.com/change_project/prev/Designing,Prototyping,Engineering/captain_tractor.8e.delayed]
[advandes.com/change_project/next/Designing,Prototyping,Engineering/captain_tractor.8f.delayed]
[advandes.com/public/images/projects/project1579084662/1579084662.captain tractors (1).png]
[advandes.com/public/images/projects/project1579084662/1579084662.Group 585.png]
[advandes.com/public/images/projects/project1579084662/1579164250.Group 443.png]
[advandes.com/public/images/projects/project1579084662/1579164250.Group 452.png]
[advandes.com/public/images/projects/project1579084662/1579164250.Group 449.png]
[advandes.com/public/images/projects/project1579084662/1579164250.Group 450.png]
[advandes.com/works/captain_tractor.html]
[advandes.com/change_project/prev/Designing,Prototyping,Engineering/evano_electric_golf_cart.98.delayed]
[advandes.com/change_project/next/Designing,Prototyping,Engineering/evano_electric_golf_cart.99.delayed]
[advandes.com/public/images/projects/project1579084991/1579084991.Mask Group 15.png]
[advandes.com/public/images/projects/project1579084991/1579084991.Group 586.png]
[advandes.com/public/images/projects/project1579084991/1579164043.Group 475.png]
[advandes.com/public/images/projects/project1579084991/1579164043.Group 474.png]
[advandes.com/public/images/projects/project1579084991/1579164090.Group 473.png]
[advandes.com/works/evano_electric_golf_cart.html]
[advandes.com/public/public/frontend/images/favicon.a1.delayed]
[advandes.com/public/public/frontend/css/bootstrap.min.a2.delayed]
[advandes.com/public/public/frontend/css/style.a3.delayed]
[advandes.com/public/public/frontend/css/hover.min.a4.delayed]
[advandes.com/public/public/frontend/js/jquery.min.a5.delayed]
[advandes.com/public/public/frontend/js/bootstrap.min.a6.delayed]
[advandes.com/public/public/frontend/images/Advandes_white.a7.delayed]
[advandes.com/public/about.html]
[advandes.com/public/work.html]
[advandes.com/public/contact.html]
[advandes.com/public/public/images/slider_images/1579087415.Repeat Grid 1.ab.delayed]
[advandes.com/public/public/images/slider_images/1579087396.Group 592.ac.delayed]
[advandes.com/public/public/images/slider_images/1580728879.Group 605.ad.delayed]
[advandes.com/public/service/research.html]
[advandes.com/public/public/images/service_images/1580725907.Component 3 – 5.af.delayed]
[advandes.com/public/service/design.html]
[advandes.com/public/public/images/service_images/1580726131.Component 4 – 5.b1.delayed]
[advandes.com/public/service/engineering.html]
[advandes.com/public/public/images/service_images/1580726458.Component 5 – 5.b3.delayed]
[advandes.com/public/service/prototyping.html]
[advandes.com/public/public/images/service_images/1580726671.Component 6 – 5.b5.delayed]
[advandes.com/public/public/images/projects/project1578479428/1578995878.banner image aq soil comp GREEN.b6.delayed]
[advandes.com/public/works/soil_compactor.html]
[advandes.com/public/public/images/projects/project1578488877/1579173332.thermocutter final.101.b8.delayed]
[advandes.com/public/works/thermocutter.html]
[advandes.com/public/public/images/projects/project1578890757/1578996540.microlit scitus and beatus arrangement 2.224.ba.delayed]
[advandes.com/public/works/bottle_top_dispenser.html]
[advandes.com/public/public/images/projects/project1578980220/1578996822.Picture2.bc.delayed]
[advandes.com/public/works/deccan_auto_bus.html]
[advandes.com/public/public/images/projects/project1579084662/1579084662.Picture1.be.delayed]
[advandes.com/public/works/captain_tractor.html]
[advandes.com/public/public/images/projects/project1579084991/1579084991.Render GC white bckground.140.c0.delayed]
[advandes.com/public/works/evano_electric_golf_cart.html]
[advandes.com/public/public/frontend/images/up-fill-512.c2.delayed]
[advandes.com/public/public/frontend/images/share/copy1.c3.delayed]
[advandes.com/public/public/frontend/images/share/fb.c4.delayed]
[advandes.com/public/public/frontend/images/share/link.c5.delayed]
[advandes.com/public/public/frontend/images/share/twi.c6.delayed]
[advandes.com/public/public/frontend/images/share/share.c7.delayed]
[advandes.com/public/home.html]
[advandes.com/public/download/Advandes corporate brochure.pdf]
[advandes.com/public/frontend/images/services/career.png]
[advandes.com/career.html]
[advandes.com/change_project/prev/Designing,Prototyping,Engineering/concrete_pump.ca.delayed]
[advandes.com/change_project/next/Designing,Prototyping,Engineering/concrete_pump.cb.delayed]
[advandes.com/public/images/projects/project1579085160/1579085160.Aquarius conc pump (2).png]
[advandes.com/public/images/projects/project1579085160/1579085160.Group 590.png]
[advandes.com/public/images/projects/project1579085160/1579163854.Group 599.png]
[advandes.com/public/images/projects/project1579085160/1579163854.Group 597.png]
[advandes.com/public/images/projects/project1579085160/1579163854.Group 481.png]
[advandes.com/works/concrete_pump.html]
[advandes.com/change_project/prev/Designing,Prototyping,Engineering/electric_3_wheeler.d3.delayed]
[advandes.com/change_project/next/Designing,Prototyping,Engineering/electric_3_wheeler.d4.delayed]
[advandes.com/public/images/projects/project1579085446/1579085446.Group 601.png]
[advandes.com/public/images/projects/project1579085446/1579085446.Group 589.png]
[advandes.com/public/images/projects/project1579085446/1579163406.Mask Group 98.png]
[advandes.com/public/images/projects/project1579085446/1579163406.Mask Group 99.png]
[advandes.com/public/images/projects/project1579085446/1579163406.Mask Group 100.png]
[advandes.com/works/electric_3_wheeler.html]
[advandes.com/change_service/prev/prototyping]
[advandes.com/change_service/next/prototyping]
[advandes.com/public/public/frontend/images/Group 541.e3.delayed]
[advandes.com/public/public/frontend/images/Group 529.e4.delayed]
[advandes.com/public/public/frontend/images/about.e5.delayed]
[advandes.com/public/public/frontend/images/about/Group 559.e6.delayed]
[advandes.com/public/public/frontend/images/about/Group 564.e7.delayed]
[advandes.com/public/career.html]
[advandes.com/public/public/frontend/images/client/06Jan/Mask Group 72.e9.delayed]
[advandes.com/public/public/frontend/images/client/06Jan/Mask Group 73.ea.delayed]
[advandes.com/public/public/frontend/images/client/06Jan/Mask Group 74.eb.delayed]
[advandes.com/public/public/frontend/images/client/06Jan/Mask Group 75.ec.delayed]
[advandes.com/public/public/frontend/images/client/06Jan/Mask Group 76.ed.delayed]
[advandes.com/public/public/frontend/images/client/06Jan/Mask Group 77.ee.delayed]
[advandes.com/public/public/frontend/images/client/06Jan/Mask Group 78.ef.delayed]
[advandes.com/public/public/frontend/images/client/06Jan/Mask Group 79.f0.delayed]
[advandes.com/public/public/frontend/images/client/06Jan/Mask Group 80.f1.delayed]
[advandes.com/public/public/frontend/images/client/06Jan/Mask Group 81.f2.delayed]
[advandes.com/public/public/frontend/images/client/06Jan/Mask Group 82.f3.delayed]
[advandes.com/public/public/frontend/images/client/06Jan/Mask Group 83.f4.delayed]
[advandes.com/public/public/frontend/images/client/06Jan/Mask Group 84.f5.delayed]
[advandes.com/public/public/frontend/images/client/06Jan/Mask Group 85.f6.delayed]
[advandes.com/public/public/frontend/images/client/06Jan/Mask Group 86.f7.delayed]
[advandes.com/public/public/frontend/images/client/06Jan/Mask Group 87.f8.delayed]
[advandes.com/public/public/frontend/images/client/06Jan/Mask Group 88.f9.delayed]
[advandes.com/public/public/frontend/images/client/06Jan/Mask Group 89.fa.delayed]
[advandes.com/public/public/frontend/images/client/06Jan/Mask Group 90.fb.delayed]
[advandes.com/public/public/frontend/images/client/06Jan/Mask Group 91.fc.delayed]
[advandes.com/public/public/frontend/images/client/06Jan/Mask Group 92.fd.delayed]
[advandes.com/public/public/frontend/images/client/06Jan/Mask Group 93.fe.delayed]
[advandes.com/public/public/frontend/images/client/06Jan/Mask Group 94.ff.delayed]
[advandes.com/public/public/frontend/images/client/06Jan/Mask Group 96.100.delayed]
[advandes.com/public/about.html]
[advandes.com/public/works/concrete_pump.html]
[advandes.com/public/public/images/projects/project1579085160/1579085160.Aquarius conc pump11.115.delayed]
[advandes.com/public/works/electric_3_wheeler.html]
[advandes.com/public/public/images/projects/project1579085446/1579085446.Picture3.117.delayed]
[advandes.com/public/public/frontend/images/projects/Group 482.118.delayed]
[advandes.com/public/work.html]
[advandes.com/public/public/backend/js/sweetalert.min.127.delayed]
[advandes.com/public/contact.html]
[advandes.com/public/change_service/prev/research.134.delayed]
[advandes.com/public/public/frontend/images/prev.135.delayed]
[advandes.com/public/public/frontend/images/close.136.delayed]
[advandes.com/public/change_service/next/research.137.delayed]
[advandes.com/public/public/frontend/images/next.138.delayed]
[advandes.com/public/public/images/service_images/1580725907.Group 544.139.delayed]
[advandes.com/public/service/research.html]
[advandes.com/public/change_service/prev/design.147.delayed]
[advandes.com/public/change_service/next/design.14a.delayed]
[advandes.com/public/public/images/service_images/1580726235.Group 543.14c.delayed]
[advandes.com/public/service/design.html]
[advandes.com/public/change_service/prev/engineering.15a.delayed]
[advandes.com/public/change_service/next/engineering.15d.delayed]
[advandes.com/public/public/images/service_images/1580726458.Group 541.15f.delayed]
[advandes.com/public/service/engineering.html]
[advandes.com/public/change_service/prev/prototyping.16d.delayed]
[advandes.com/public/change_service/next/prototyping.170.delayed]
[advandes.com/public/public/images/service_images/1580726671.Group 542.172.delayed]
[advandes.com/public/service/prototyping.html]
[advandes.com/public/change_project/prev/Prototyping/soil_compactor.180.delayed]
[advandes.com/public/public/frontend/images/prevv.181.delayed]
[advandes.com/public/change_project/next/Prototyping/soil_compactor.182.delayed]
[advandes.com/public/public/frontend/images/nextt.183.delayed]
[advandes.com/public/public/images/projects/project1578479428/1578995878.Mask Group 15.184.delayed]
[advandes.com/public/public/images/projects/project1578479428/1578995878.Group 587.185.delayed]
[advandes.com/public/public/images/projects/project1578479428/1578995878.Group 479.186.delayed]
[advandes.com/public/public/images/projects/project1578479428/1578995878.Group 598.187.delayed]
[advandes.com/public/public/images/projects/project1578479428/1578995878.Mask Group 71.188.delayed]
[advandes.com/public/works/soil_compactor.html]
[advandes.com/public/change_project/prev/Designing,Prototyping,Engineering/thermocutter.19a.delayed]
[advandes.com/public/change_project/next/Designing,Prototyping,Engineering/thermocutter.19c.delayed]
[advandes.com/public/public/images/projects/project1578488877/1578996032.Group 455.19e.delayed]
[advandes.com/public/public/images/projects/project1578488877/1579165317.1.19f.delayed]
[advandes.com/public/public/images/projects/project1578488877/1579165317.2.1a0.delayed]
[advandes.com/public/public/images/projects/project1578488877/1578996214.Group 478.1a1.delayed]
[advandes.com/public/public/images/projects/project1578488877/1578996214.Mask Group 9.1a2.delayed]
[advandes.com/public/public/images/projects/project1578488877/1578996214.Group 437.1a3.delayed]
[advandes.com/public/works/thermocutter.html]
[advandes.com/public/change_project/prev/Designing,Prototyping,Engineering/bottle_top_dispenser.1b5.delayed]
[advandes.com/public/change_project/next/Designing,Prototyping,Engineering/bottle_top_dispenser.1b7.delayed]
[advandes.com/public/public/images/projects/project1578890757/1578996540.microlit scitus and beatus.217.1b9.delayed]
[advandes.com/public/public/images/projects/project1578890757/1578996540.Group 480.1ba.delayed]
[advandes.com/public/public/images/projects/project1578890757/1578996659.Group 448.1bb.delayed]
[advandes.com/public/public/images/projects/project1578890757/1578996659.Group 539.1bc.delayed]
[advandes.com/public/public/images/projects/project1578890757/1578996659.Mask Group 33.1bd.delayed]
[advandes.com/public/works/bottle_top_dispenser.html]
[advandes.com/public/change_project/prev/Designing,Prototyping,Engineering/deccan_auto_bus.1cf.delayed]
[advandes.com/public/change_project/next/Designing,Prototyping,Engineering/deccan_auto_bus.1d1.delayed]
[advandes.com/public/public/images/projects/project1578980220/1578996822.Mask Group 17.1d3.delayed]
[advandes.com/public/public/images/projects/project1578980220/1578996822.Group 588.1d4.delayed]
[advandes.com/public/public/images/projects/project1578980220/1579164505.Mask Group 67.1d5.delayed]
[advandes.com/public/public/images/projects/project1578980220/1579164618.Mask Group 97.1d6.delayed]
[advandes.com/public/public/images/projects/project1578980220/1579164618.Mask Group 69.1d7.delayed]
[advandes.com/public/public/images/projects/project1578980220/1579165913.Deccan low contrast.1d8.delayed]
[advandes.com/public/works/deccan_auto_bus.html]
[advandes.com/public/change_project/prev/Designing,Prototyping,Engineering/captain_tractor.1ea.delayed]
[advandes.com/public/change_project/next/Designing,Prototyping,Engineering/captain_tractor.1ec.delayed]
[advandes.com/public/public/images/projects/project1579084662/1579084662.captain tractors (1).1ee.delayed]
[advandes.com/public/public/images/projects/project1579084662/1579084662.Group 585.1ef.delayed]
[advandes.com/public/public/images/projects/project1579084662/1579164250.Group 443.1f0.delayed]
[advandes.com/public/public/images/projects/project1579084662/1579164250.Group 452.1f1.delayed]
[advandes.com/public/public/images/projects/project1579084662/1579164250.Group 449.1f2.delayed]
[advandes.com/public/public/images/projects/project1579084662/1579164250.Group 450.1f3.delayed]
[advandes.com/public/works/captain_tractor.html]
[advandes.com/public/change_project/prev/Designing,Prototyping,Engineering/evano_electric_golf_cart.205.delayed]
[advandes.com/public/change_project/next/Designing,Prototyping,Engineering/evano_electric_golf_cart.207.delayed]
[advandes.com/public/public/images/projects/project1579084991/1579084991.Mask Group 15.209.delayed]
[advandes.com/public/public/images/projects/project1579084991/1579084991.Group 586.20a.delayed]
[advandes.com/public/public/images/projects/project1579084991/1579164043.Group 475.20b.delayed]
[advandes.com/public/public/images/projects/project1579084991/1579164043.Group 474.20c.delayed]
[advandes.com/public/public/images/projects/project1579084991/1579164090.Group 473.20d.delayed]
[advandes.com/public/works/evano_electric_golf_cart.html]
[advandes.com/change_service/prev/prototyping]
[advandes.com/change_service/next/prototyping]
[advandes.com/public/public/frontend/images/services/career.21f.delayed]
[advandes.com/public/career.html]
[advandes.com/public/change_project/prev/Designing,Prototyping,Engineering/concrete_pump.22d.delayed]
[advandes.com/public/change_project/next/Designing,Prototyping,Engineering/concrete_pump.22f.delayed]
[advandes.com/public/public/images/projects/project1579085160/1579085160.Aquarius conc pump (2).231.delayed]
[advandes.com/public/public/images/projects/project1579085160/1579085160.Group 590.232.delayed]
[advandes.com/public/public/images/projects/project1579085160/1579163854.Group 599.233.delayed]
[advandes.com/public/public/images/projects/project1579085160/1579163854.Group 597.234.delayed]
[advandes.com/public/public/images/projects/project1579085160/1579163854.Group 481.235.delayed]
[advandes.com/public/works/concrete_pump.html]
[advandes.com/public/change_project/prev/Designing,Prototyping,Engineering/electric_3_wheeler.247.delayed]
[advandes.com/public/change_project/next/Designing,Prototyping,Engineering/electric_3_wheeler.249.delayed]
[advandes.com/public/public/images/projects/project1579085446/1579085446.Group 601.24b.delayed]
[advandes.com/public/public/images/projects/project1579085446/1579085446.Group 589.24c.delayed]
[advandes.com/public/public/images/projects/project1579085446/1579163406.Mask Group 98.24d.delayed]
[advandes.com/public/public/images/projects/project1579085446/1579163406.Mask Group 99.24e.delayed]
[advandes.com/public/public/images/projects/project1579085446/1579163406.Mask Group 100.24f.delayed]
[advandes.com/public/works/electric_3_wheeler.html]
